AVG command line Anti-Virus scanner
Copyright (c) 2013 AVG Technologies CZ

Virus database version: 4793/15883
Virus database release date: Tue, 14 Aug 2018 06:00:00 +0000

[2K[2K/malware/EICAR  Virus identified EICAR_Test
[2K[2K[~100.0%] [2K
Files scanned     :  1(1)
Infections found  :  1(1)
PUPs found        :  0
Files healed      :  0
Warnings reported :  0
Errors reported   :  0

